amazing 0.17609125905568124 25 1 0.941586898336875
bev25erage 0.47712125471966244 25 1 0.941586898336875
beverage 0.47712125471966244 31 1 0.682934075115795
cokeacola 0.47712125471966244 25 1 0.941586898336875
delicious 0.47712125471966244 25 1 0.941586898336875
hipster 0.47712125471966244 31 1 0.682934075115795
pbr 0.47712125471966244 31 1 0.682934075115795
taste 0.47712125471966244 25 1 0.941586898336875
