amazing 0.17609125905568124 30 1 1.16923159004214
beer30 0.47712125471966244 30 1 1.16923159004214
hamms 0.47712125471966244 30 1 1.16923159004214
light 0.47712125471966244 30 1 1.16923159004214
mmmmmmmmmm 0.47712125471966244 30 1 1.16923159004214
refreshing 0.47712125471966244 30 1 1.16923159004214
