amazing 0.5228787452803376 9 1 2.7619612492274346
baileys 1.0 9 1 2.7619612492274346
beverage 0.5228787452803376 3 1 2.27340218226594 6 1 2.27340218226594
chocolate 0.6989700043360189 9 1 2.7619612492274346
cider 1.0 6 1 2.27340218226594
fall 1.0 6 1 2.27340218226594
hipster 1.0 3 1 2.27340218226594
pbr 1.0 3 1 2.27340218226594
wow 1.0 9 1 2.7619612492274346
