amazing 0.5228787452803376 2 1 4.250520316188928
awake 1.0 5 1 3.0
beer30 1.0 2 1 4.250520316188928
belgian 1.0 8 1 3.761961249227434
beverage 0.5228787452803376 8 1 3.761961249227434
blue 1.0 8 1 3.761961249227434
coffee 1.0 5 1 3.0
hamms 1.0 2 1 4.250520316188928
light 0.6989700043360189 2 1 4.250520316188928
mmmmmmmmmm 1.0 2 1 4.250520316188928
moon 1.0 8 1 3.761961249227434
refreshing 0.6989700043360189 2 1 4.250520316188928 8 1 3.761961249227434
stay 1.0 5 1 3.0
