build 0.47712125471966244 2 1 1.593512841936855
character 0.47712125471966244 2 1 1.593512841936855
document 0.0 2 1 1.593512841936855
flaw 0.47712125471966244 2 1 1.593512841936855
human 0.47712125471966244 2 1 1.593512841936855
kurt 0.47712125471966244 2 1 1.593512841936855
maintenance 0.47712125471966244 2 1 1.593512841936855
vonnegut 0.47712125471966244 2 1 1.593512841936855
